// Jest Snapshot v1, https://goo.gl/fbAQLP

exports[`button Enzyme test case The Snapshot of app test case 1`] = `ShallowWrapper {}`;
